python : C:\Users\victo\AppData\Roaming\Pyt
hon\Python313\site-packages\fpdf\__init__.p
y:40: UserWarning: You have both PyFPDF & 
fpdf2 installed. Both packages cannot be 
installed at the same time as they share 
the same module namespace. To only keep 
fpdf2, run: pip uninstall --yes pypdf && 
pip install --upgrade fpdf2
En línea: 1 Carácter: 1
+ python test_pdf.py > test_log.txt 2>&1
+ ~~~~~~~~~~~~~~~~~~~~~~~~~~~~~~~~~~~~~~
    + CategoryInfo          : NotSpecified 
   : (C:\Users\victo\...--upgrade fpdf2:S  
  tring) [], RemoteException
    + FullyQualifiedErrorId : NativeComman 
   dError
 
  warnings.warn(
Traceback (most recent call last):
  File "C:\Users\victo\Desktop\veterinaria_
saas-main\test_pdf.py", line 12, in test
    pdf_bytes, file_hash = 
generar_certificado_vacunacion(
                           
~~~~~~~~~~~~~~~~~~~~~~~~~~~~~~^
        nombre_veterinaria="Veterinaria de 
Prueba",
        
^^^^^^^^^^^^^^^^^^^^^^^^^^^^^^^^^^^^^^^^^^^
    ...<13 lines>...
        firma_sello_url=None
        ^^^^^^^^^^^^^^^^^^^^
    )
    ^
  File "C:\Users\victo\Desktop\veterinaria_
saas-main\src\services\generador_pdf.py", 
line 180, in generar_certificado_vacunacion
    pdf.cell(0, 4, f"HASH DE INTEGRIDAD: 
{hash_sha256}", align='C')
    ~~~~~~~~^^^^^^^^^^^^^^^^^^^^^^^^^^^^^^^
^^^^^^^^^^^^^^^^^^^^^^^^
  File "C:\Users\victo\AppData\Roaming\Pyth
on\Python313\site-packages\fpdf\fpdf.py", 
line 221, in wrapper
    return fn(self, *args, **kwargs)
  File "C:\Users\victo\AppData\Roaming\Pyth
on\Python313\site-packages\fpdf\deprecation
.py", line 32, in wrapper
    return fn(self, *args, **kwargs)
  File "C:\Users\victo\AppData\Roaming\Pyth
on\Python313\site-packages\fpdf\fpdf.py", 
line 3259, in cell
    return self._render_styled_text_line(
           ~~~~~~~~~~~~~~~~~~~~~~~~~~~~~^
        TextLine(
        ^^^^^^^^^
    ...<15 lines>...
        prevent_font_change=markdown,
        ^^^^^^^^^^^^^^^^^^^^^^^^^^^^^
    )
    ^
  File "C:\Users\victo\AppData\Roaming\Pyth
on\Python313\site-packages\fpdf\fpdf.py", 
line 3371, in _render_styled_text_line
    page_break_triggered = 
self._perform_page_break_if_need_be(h)
  File "C:\Users\victo\AppData\Roaming\Pyth
on\Python313\site-packages\fpdf\fpdf.py", 
line 3927, in 
_perform_page_break_if_need_be
    self._perform_page_break()
    ~~~~~~~~~~~~~~~~~~~~~~~~^^
  File "C:\Users\victo\AppData\Roaming\Pyth
on\Python313\site-packages\fpdf\fpdf.py", 
line 3951, in _perform_page_break
    self.add_page(same=True)
    ~~~~~~~~~~~~~^^^^^^^^^^^
  File "C:\Users\victo\AppData\Roaming\Pyth
on\Python313\site-packages\fpdf\fpdf.py", 
line 1016, in add_page
    raise FPDFException(
        "A page cannot be added on a 
closed document, after calling output()"
    )
fpdf.errors.FPDFException: A page cannot 
be added on a closed document, after 
calling output()
